// Jest Snapshot v1, https://goo.gl/fbAQLP

exports[`Collapsible should match snapshot 1`] = `
<div>
  <div
    class="MuiPaper-root MuiPaper-elevation MuiPaper-rounded MuiPaper-elevation1 MuiAccordion-root MuiAccordion-rounded MuiAccordion-gutters accordion css-1elwnq4-MuiPaper-root-MuiAccordion-root"
  >
    <div
      aria-controls="panel1a-content"
      aria-expanded="false"
      class="MuiButtonBase-root MuiAccordionSummary-root MuiAccordionSummary-gutters css-sh22l5-MuiButtonBase-root-MuiAccordionSummary-root"
      id="panel1a-header"
      role="button"
      tabindex="0"
    >
      <div
        class="MuiAccordionSummary-content MuiAccordionSummary-contentGutters css-o4b71y-MuiAccordionSummary-content"
      />
    </div>
    <div
      class="MuiCollapse-root MuiCollapse-vertical MuiCollapse-hidden css-bz4dnt-MuiCollapse-root"
      style="min-height: 0px;"
    >
      <div
        class="MuiCollapse-wrapper MuiCollapse-vertical css-smkl36-MuiCollapse-wrapper"
      >
        <div
          class="MuiCollapse-wrapperInner MuiCollapse-vertical css-9l5vo-MuiCollapse-wrapperInner"
        >
          <div
            aria-labelledby="panel1a-header"
            class="MuiAccordion-region"
            id="panel1a-content"
            role="region"
          >
            <div
              class="MuiAccordionDetails-root css-15v22id-MuiAccordionDetails-root"
            />
          </div>
        </div>
      </div>
    </div>
  </div>
</div>
`;
